// Jest Snapshot v1, https://goo.gl/fbAQLP

exports[`Test NotFound Snapshot 1`] = `
<div>
  <div
    style={
      Object {
        "display": "flex",
        "flexFlow": "row nowrap",
        "justifyContent": "space-between",
      }
    }
  >
    <div
      style={
        Object {
          "flex": "0 0",
          "marginTop": "10px",
        }
      }
    >
      <button
        disabled={true}
        href={undefined}
        onBlur={[Function]}
        onClick={[Function]}
        onFocus={[Function]}
        onKeyDown={[Function]}
        onKeyUp={[Function]}
        onMouseEnter={[Function]}
        onMouseLeave={[Function]}
        onMouseOut={[Function]}
        onTouchStart={[Function]}
        onTouchTap={[Function]}
        style={
          Object {
            "WebkitTapHighlightColor": "rgba(0, 0, 0, 0)",
            "background": "none",
            "border": 10,
            "boxSizing": "border-box",
            "cursor": "default",
            "display": "inline-block",
            "fontFamily": "Roboto, sans-serif",
            "fontSize": 0,
            "fontWeight": "inherit",
            "height": 48,
            "margin": 0,
            "muiPrepared": true,
            "outline": "none",
            "overflow": "visible",
            "padding": 12,
            "position": "relative",
            "textDecoration": "none",
            "transition": "all 450ms cubic-bezier(0.23, 1, 0.32, 1) 0ms",
            "verticalAlign": null,
            "width": 48,
            "zIndex": 1,
          }
        }
        tabIndex={-1}
        type="button"
      >
        <svg
          onMouseEnter={[Function]}
          onMouseLeave={[Function]}
          style={
            Object {
              "color": "rgba(33, 33, 33, 0.3)",
              "cursor": "not-allowed",
              "display": "inline-block",
              "fill": "rgba(33, 33, 33, 0.3)",
              "height": 24,
              "muiPrepared": true,
              "transition": "all 450ms cubic-bezier(0.23, 1, 0.32, 1) 0ms",
              "userSelect": "none",
              "width": 24,
            }
          }
          viewBox="0 0 24 24"
        >
          <path
            d="M20 11H7.83l5.59-5.59L12 4l-8 8 8 8 1.41-1.41L7.83 13H20v-2z"
          />
        </svg>
      </button>
    </div>
    <div
      style={
        Object {
          "flex": "0 0",
          "marginTop": "10px",
        }
      }
    >
      <button
        disabled={false}
        href={undefined}
        onBlur={[Function]}
        onClick={[Function]}
        onFocus={[Function]}
        onKeyDown={[Function]}
        onKeyUp={[Function]}
        onMouseEnter={[Function]}
        onMouseLeave={[Function]}
        onMouseOut={[Function]}
        onTouchStart={[Function]}
        onTouchTap={[Function]}
        style={
          Object {
            "WebkitTapHighlightColor": "rgba(0, 0, 0, 0)",
            "background": "none",
            "border": 10,
            "boxSizing": "border-box",
            "cursor": "pointer",
            "display": "inline-block",
            "fontFamily": "Roboto, sans-serif",
            "fontSize": 0,
            "fontWeight": "inherit",
            "height": 48,
            "margin": 0,
            "muiPrepared": true,
            "outline": "none",
            "overflow": "visible",
            "padding": 12,
            "position": "relative",
            "textDecoration": "none",
            "transition": "all 450ms cubic-bezier(0.23, 1, 0.32, 1) 0ms",
            "verticalAlign": null,
            "width": 48,
            "zIndex": 1,
          }
        }
        tabIndex={0}
        type="button"
      >
        <div
          onMouseDown={[Function]}
          onMouseLeave={[Function]}
          onMouseUp={[Function]}
          onTouchEnd={[Function]}
          onTouchStart={[Function]}
        >
          <svg
            onMouseEnter={[Function]}
            onMouseLeave={[Function]}
            style={
              Object {
                "color": "#212121",
                "display": "inline-block",
                "fill": "currentColor",
                "height": 24,
                "muiPrepared": true,
                "transition": "all 450ms cubic-bezier(0.23, 1, 0.32, 1) 0ms",
                "userSelect": "none",
                "width": 24,
              }
            }
            viewBox="0 0 24 24"
          >
            <path
              d="M19 6.41L17.59 5 12 10.59 6.41 5 5 6.41 10.59 12 5 17.59 6.41 19 12 13.41 17.59 19 19 17.59 13.41 12z"
            />
          </svg>
        </div>
      </button>
    </div>
    <div
      style={
        Object {
          "flex": "0 0",
          "marginTop": "10px",
        }
      }
    >
      <button
        disabled={false}
        href={undefined}
        onBlur={[Function]}
        onClick={[Function]}
        onFocus={[Function]}
        onKeyDown={[Function]}
        onKeyUp={[Function]}
        onMouseEnter={[Function]}
        onMouseLeave={[Function]}
        onMouseOut={[Function]}
        onTouchStart={[Function]}
        onTouchTap={[Function]}
        style={
          Object {
            "WebkitTapHighlightColor": "rgba(0, 0, 0, 0)",
            "background": "none",
            "border": 10,
            "boxSizing": "border-box",
            "cursor": "pointer",
            "display": "inline-block",
            "fontFamily": "Roboto, sans-serif",
            "fontSize": 0,
            "fontWeight": "inherit",
            "height": 48,
            "margin": 0,
            "muiPrepared": true,
            "outline": "none",
            "overflow": "visible",
            "padding": 12,
            "position": "relative",
            "textDecoration": "none",
            "transition": "all 450ms cubic-bezier(0.23, 1, 0.32, 1) 0ms",
            "verticalAlign": null,
            "width": 48,
            "zIndex": 1,
          }
        }
        tabIndex={0}
        type="button"
      >
        <div
          onMouseDown={[Function]}
          onMouseLeave={[Function]}
          onMouseUp={[Function]}
          onTouchEnd={[Function]}
          onTouchStart={[Function]}
        >
          <svg
            onMouseEnter={[Function]}
            onMouseLeave={[Function]}
            style={
              Object {
                "color": "#212121",
                "display": "inline-block",
                "fill": "currentColor",
                "height": 24,
                "muiPrepared": true,
                "transition": "all 450ms cubic-bezier(0.23, 1, 0.32, 1) 0ms",
                "userSelect": "none",
                "width": 24,
              }
            }
            viewBox="0 0 24 24"
          >
            <path
              d="M12 4l-1.41 1.41L16.17 11H4v2h12.17l-5.58 5.59L12 20l8-8z"
            />
          </svg>
        </div>
      </button>
    </div>
  </div>
  <h2>
    chapter 1
  </h2>
  <div
    dangerouslySetInnerHTML={
      Object {
        "__html": "blah blah 1",
      }
    }
  />
  <div
    style={
      Object {
        "display": "flex",
        "flexFlow": "row nowrap",
        "justifyContent": "space-between",
      }
    }
  >
    <div
      style={
        Object {
          "flex": "0 0",
          "marginTop": "10px",
        }
      }
    >
      <button
        disabled={true}
        href={undefined}
        onBlur={[Function]}
        onClick={[Function]}
        onFocus={[Function]}
        onKeyDown={[Function]}
        onKeyUp={[Function]}
        onMouseEnter={[Function]}
        onMouseLeave={[Function]}
        onMouseOut={[Function]}
        onTouchStart={[Function]}
        onTouchTap={[Function]}
        style={
          Object {
            "WebkitTapHighlightColor": "rgba(0, 0, 0, 0)",
            "background": "none",
            "border": 10,
            "boxSizing": "border-box",
            "cursor": "default",
            "display": "inline-block",
            "fontFamily": "Roboto, sans-serif",
            "fontSize": 0,
            "fontWeight": "inherit",
            "height": 48,
            "margin": 0,
            "muiPrepared": true,
            "outline": "none",
            "overflow": "visible",
            "padding": 12,
            "position": "relative",
            "textDecoration": "none",
            "transition": "all 450ms cubic-bezier(0.23, 1, 0.32, 1) 0ms",
            "verticalAlign": null,
            "width": 48,
            "zIndex": 1,
          }
        }
        tabIndex={-1}
        type="button"
      >
        <svg
          onMouseEnter={[Function]}
          onMouseLeave={[Function]}
          style={
            Object {
              "color": "rgba(33, 33, 33, 0.3)",
              "cursor": "not-allowed",
              "display": "inline-block",
              "fill": "rgba(33, 33, 33, 0.3)",
              "height": 24,
              "muiPrepared": true,
              "transition": "all 450ms cubic-bezier(0.23, 1, 0.32, 1) 0ms",
              "userSelect": "none",
              "width": 24,
            }
          }
          viewBox="0 0 24 24"
        >
          <path
            d="M20 11H7.83l5.59-5.59L12 4l-8 8 8 8 1.41-1.41L7.83 13H20v-2z"
          />
        </svg>
      </button>
    </div>
    <div
      style={
        Object {
          "flex": "0 0",
          "marginTop": "10px",
        }
      }
    >
      <button
        disabled={false}
        href={undefined}
        onBlur={[Function]}
        onClick={[Function]}
        onFocus={[Function]}
        onKeyDown={[Function]}
        onKeyUp={[Function]}
        onMouseEnter={[Function]}
        onMouseLeave={[Function]}
        onMouseOut={[Function]}
        onTouchStart={[Function]}
        onTouchTap={[Function]}
        style={
          Object {
            "WebkitTapHighlightColor": "rgba(0, 0, 0, 0)",
            "background": "none",
            "border": 10,
            "boxSizing": "border-box",
            "cursor": "pointer",
            "display": "inline-block",
            "fontFamily": "Roboto, sans-serif",
            "fontSize": 0,
            "fontWeight": "inherit",
            "height": 48,
            "margin": 0,
            "muiPrepared": true,
            "outline": "none",
            "overflow": "visible",
            "padding": 12,
            "position": "relative",
            "textDecoration": "none",
            "transition": "all 450ms cubic-bezier(0.23, 1, 0.32, 1) 0ms",
            "verticalAlign": null,
            "width": 48,
            "zIndex": 1,
          }
        }
        tabIndex={0}
        type="button"
      >
        <div
          onMouseDown={[Function]}
          onMouseLeave={[Function]}
          onMouseUp={[Function]}
          onTouchEnd={[Function]}
          onTouchStart={[Function]}
        >
          <svg
            onMouseEnter={[Function]}
            onMouseLeave={[Function]}
            style={
              Object {
                "color": "#212121",
                "display": "inline-block",
                "fill": "currentColor",
                "height": 24,
                "muiPrepared": true,
                "transition": "all 450ms cubic-bezier(0.23, 1, 0.32, 1) 0ms",
                "userSelect": "none",
                "width": 24,
              }
            }
            viewBox="0 0 24 24"
          >
            <path
              d="M19 6.41L17.59 5 12 10.59 6.41 5 5 6.41 10.59 12 5 17.59 6.41 19 12 13.41 17.59 19 19 17.59 13.41 12z"
            />
          </svg>
        </div>
      </button>
    </div>
    <div
      style={
        Object {
          "flex": "0 0",
          "marginTop": "10px",
        }
      }
    >
      <button
        disabled={false}
        href={undefined}
        onBlur={[Function]}
        onClick={[Function]}
        onFocus={[Function]}
        onKeyDown={[Function]}
        onKeyUp={[Function]}
        onMouseEnter={[Function]}
        onMouseLeave={[Function]}
        onMouseOut={[Function]}
        onTouchStart={[Function]}
        onTouchTap={[Function]}
        style={
          Object {
            "WebkitTapHighlightColor": "rgba(0, 0, 0, 0)",
            "background": "none",
            "border": 10,
            "boxSizing": "border-box",
            "cursor": "pointer",
            "display": "inline-block",
            "fontFamily": "Roboto, sans-serif",
            "fontSize": 0,
            "fontWeight": "inherit",
            "height": 48,
            "margin": 0,
            "muiPrepared": true,
            "outline": "none",
            "overflow": "visible",
            "padding": 12,
            "position": "relative",
            "textDecoration": "none",
            "transition": "all 450ms cubic-bezier(0.23, 1, 0.32, 1) 0ms",
            "verticalAlign": null,
            "width": 48,
            "zIndex": 1,
          }
        }
        tabIndex={0}
        type="button"
      >
        <div
          onMouseDown={[Function]}
          onMouseLeave={[Function]}
          onMouseUp={[Function]}
          onTouchEnd={[Function]}
          onTouchStart={[Function]}
        >
          <svg
            onMouseEnter={[Function]}
            onMouseLeave={[Function]}
            style={
              Object {
                "color": "#212121",
                "display": "inline-block",
                "fill": "currentColor",
                "height": 24,
                "muiPrepared": true,
                "transition": "all 450ms cubic-bezier(0.23, 1, 0.32, 1) 0ms",
                "userSelect": "none",
                "width": 24,
              }
            }
            viewBox="0 0 24 24"
          >
            <path
              d="M12 4l-1.41 1.41L16.17 11H4v2h12.17l-5.58 5.59L12 20l8-8z"
            />
          </svg>
        </div>
      </button>
    </div>
  </div>
</div>
`;
